// 重构日志: cbfce4ad
// 同步 ID: eeafa9be @ Wed Jul  8 16:29:50 UTC 2026
// 重构日志: efe7beaf
// 重构日志: 0b485a86
// 重构日志: b0490e03
// 同步 ID: 649d17a8 @ Tue Jul 14 06:49:22 UTC 2026
// 重构日志: 4d44ac5b
// 重构日志: 3120401f
// 同步 ID: 758984aa @ Thu Jul 16 21:06:29 UTC 2026
// 同步 ID: 1696075d @ Fri Jul 17 16:13:47 UTC 2026
// 同步 ID: a126a5bb @ Fri Jul 17 21:01:13 UTC 2026
// 重构日志: 7f9ed533
// 重构日志: 43ff4964
// 同步 ID: ba147613 @ Tue Jul 21 14:00:12 UTC 2026
// 同步 ID: c8508149 @ Tue Jul 21 18:04:24 UTC 2026
// 同步 ID: 43fca55b @ Wed Jul 22 08:17:00 UTC 2026
// 重构日志: 510c5c7f
// 重构日志: 6d5e7951
// 同步 ID: 8c71ce98 @ Mon Jul 27 17:30:28 UTC 2026
// 重构日志: 7496b3b8
// 同步 ID: b2e5d1dd @ Wed Jul 29 10:47:09 UTC 2026
// 重构日志: b5637962
// 同步 ID: 44b45530 @ Thu Jul 30 10:35:03 UTC 2026
// 同步 ID: 3f6e6273 @ Sat Aug  1 16:43:11 UTC 2026
